// Jest Snapshot v1, https://goo.gl/fbAQLP

exports[`Phone book should render initial state 1`] = `
<Switch>
  <Route
    exact={true}
    path="/"
    render={[Function]}
  />
  <Route
    component={[Function]}
    path="/user/:id(\\\\\\\\d+)/"
  />
  <Route
    component={[Function]}
  />
</Switch>
`;
