// Jest Snapshot v1, https://goo.gl/fbAQLP

exports[`Search component should render initial state 1`] = `
<React.Fragment>
  <input
    autoComplete="off"
    className="search"
    disabled={true}
    name="search"
    onChange={[MockFunction]}
    placeholder="Search…"
    type="text"
    value=""
  />
  <button
    className="clearsearch"
    disabled={true}
    onClick={[MockFunction]}
  >
    <SVGInline
      classSuffix="-svg"
      cleanup={Array []}
      cleanupExceptions={Array []}
      component="span"
      svg="<svg />"
      width="24"
    />
  </button>
</React.Fragment>
`;
